This is pdfTeX, Version 3.141592653-2.6-1.40.24 (TeX Live 2022) (preloaded format=pdflatex 2023.2.8)  27 NOV 2024 21:35
entering extended mode
 restricted \write18 enabled.
 file:line:error style messages enabled.
 %&-line parsing enabled.
**"/Users/elwenliu/Desktop/Research/Martingale Note (2022 Winter)/Martingale and Markov chain/note.tex"
(/Users/elwenliu/Desktop/Research/Martingale Note (2022 Winter)/Martingale and Markov chain/note.tex
LaTeX2e <2021-11-15> patch level 1
L3 programming layer <2022-02-24> (/usr/local/texlive/2022/texmf-dist/tex/latex/smflatex/smfart.cls
Document Class: smfart 2021/03/28 v1.6 Classe LaTeX pour les articles publies par la SMF
(/usr/local/texlive/2022/texmf-dist/tex/latex/amsmath/amsgen.sty
File: amsgen.sty 1999/11/30 v2.0 generic functions
\@emptytoks=\toks16
\ex@=\dimen138
)
LaTeX Info: Redefining \MakeUppercase on input line 53.
\linespacing=\dimen139
\normaltopskip=\skip47
\normalparindent=\dimen140
 (/usr/local/texlive/2022/texmf-dist/tex/latex/amsfonts/amsfonts.sty
Package: amsfonts 2013/01/14 v3.01 Basic AMSFonts support
\symAMSa=\mathgroup4
\symAMSb=\mathgroup5
LaTeX Font Info:    Redeclaring math symbol \hbar on input line 98.
LaTeX Font Info:    Overwriting math alphabet `\mathfrak' in version `bold'
(Font)                  U/euf/m/n --> U/euf/b/n on input line 106.
) (/usr/local/texlive/2022/texmf-dist/tex/latex/amsmath/amsmath.sty
Package: amsmath 2021/10/15 v2.17l AMS math features
\@mathmargin=\skip48

For additional information on amsmath, use the `?' option.
(/usr/local/texlive/2022/texmf-dist/tex/latex/amsmath/amstext.sty
Package: amstext 2021/08/26 v2.01 AMS text
) (/usr/local/texlive/2022/texmf-dist/tex/latex/amsmath/amsbsy.sty
Package: amsbsy 1999/11/29 v1.2d Bold Symbols
\pmbraise@=\dimen141
) (/usr/local/texlive/2022/texmf-dist/tex/latex/amsmath/amsopn.sty
Package: amsopn 2021/08/26 v2.02 operator names
)
\inf@bad=\count185
LaTeX Info: Redefining \frac on input line 234.
\uproot@=\count186
\leftroot@=\count187
LaTeX Info: Redefining \overline on input line 399.
\classnum@=\count188
\DOTSCASE@=\count189
LaTeX Info: Redefining \ldots on input line 496.
LaTeX Info: Redefining \dots on input line 499.
LaTeX Info: Redefining \cdots on input line 620.
\Mathstrutbox@=\box50
\strutbox@=\box51
\big@size=\dimen142
LaTeX Font Info:    Redeclaring font encoding OML on input line 743.
LaTeX Font Info:    Redeclaring font encoding OMS on input line 744.
\macc@depth=\count190
\c@MaxMatrixCols=\count191
\dotsspace@=\muskip16
\c@parentequation=\count192
\dspbrk@lvl=\count193
\tag@help=\toks17
\row@=\count194
\column@=\count195
\maxfields@=\count196
\andhelp@=\toks18
\eqnshift@=\dimen143
\alignsep@=\dimen144
\tagshift@=\dimen145
\tagwidth@=\dimen146
\totwidth@=\dimen147
\lineht@=\dimen148
\@envbody=\toks19
\multlinegap=\skip49
\multlinetaggap=\skip50
\mathdisplay@stack=\toks20
LaTeX Info: Redefining \[ on input line 2938.
LaTeX Info: Redefining \] on input line 2939.
)
\abstractmargin=\dimen149
\@genabs=\toks21
\@genabstokb=\toks22
\listisep=\skip51
\smf@eebox=\box52
\smf@sf=\count197
\c@part=\count198
\c@section=\count199
\c@subsection=\count266
\c@subsubsection=\count267
\c@paragraph=\count268
\tochyphenpenalty=\count269
\smf@nthebib=\count270
\smf@tempwidtha=\dimen150
\smf@tempwidthb=\dimen151
Class smfart Info: Loading multicol.sty on input line 1040.
 (/usr/local/texlive/2022/texmf-dist/tex/latex/tools/multicol.sty
Package: multicol 2021/10/28 v1.9b multicolumn formatting (FMi)
\c@tracingmulticols=\count271
\mult@box=\box53
\multicol@leftmargin=\dimen152
\c@unbalance=\count272
\c@collectmore=\count273
\doublecol@number=\count274
\multicoltolerance=\count275
\multicolpretolerance=\count276
\full@width=\dimen153
\page@free=\dimen154
\premulticols=\dimen155
\postmulticols=\dimen156
\multicolsep=\skip52
\multicolbaselineskip=\skip53
\partial@page=\box54
\last@line=\box55
\maxbalancingoverflow=\dimen157
\mult@rightbox=\box56
\mult@grightbox=\box57
\mult@firstbox=\box58
\mult@gfirstbox=\box59
\@tempa=\box60
\@tempa=\box61
\@tempa=\box62
\@tempa=\box63
\@tempa=\box64
\@tempa=\box65
\@tempa=\box66
\@tempa=\box67
\@tempa=\box68
\@tempa=\box69
\@tempa=\box70
\@tempa=\box71
\@tempa=\box72
\@tempa=\box73
\@tempa=\box74
\@tempa=\box75
\@tempa=\box76
\@tempa=\box77
\@tempa=\box78
\@tempa=\box79
\@tempa=\box80
\@tempa=\box81
\@tempa=\box82
\@tempa=\box83
\@tempa=\box84
\@tempa=\box85
\@tempa=\box86
\@tempa=\box87
\@tempa=\box88
\@tempa=\box89
\@tempa=\box90
\@tempa=\box91
\@tempa=\box92
\@tempa=\box93
\@tempa=\box94
\@tempa=\box95
\c@minrows=\count277
\c@columnbadness=\count278
\c@finalcolumnbadness=\count279
\last@try=\dimen158
\multicolovershoot=\dimen159
\multicolundershoot=\dimen160
\mult@nat@firstbox=\box96
\colbreak@box=\box97
\mc@col@check@num=\count280
)
\c@figure=\count281
\c@table=\count282
\abovecaptionskip=\skip54
\belowcaptionskip=\skip55
\captionindent=\dimen161
 (/usr/local/texlive/2022/texmf-dist/tex/latex/amscls/amsthm.sty
Package: amsthm 2020/05/29 v2.20.6
\thm@style=\toks23
\thm@bodyfont=\toks24
\thm@headfont=\toks25
\thm@notefont=\toks26
\thm@headpunct=\toks27
\thm@preskip=\skip56
\thm@postskip=\skip57
\thm@headsep=\skip58
\dth@everypar=\toks28
)
LaTeX Font Info:    Trying to load font information for U+msa on input line 1360.
 (/usr/local/texlive/2022/texmf-dist/tex/latex/amsfonts/umsa.fd
File: umsa.fd 2013/01/14 v3.01 AMS symbols A
)
LaTeX Font Info:    Trying to load font information for U+msb on input line 1360.
 (/usr/local/texlive/2022/texmf-dist/tex/latex/amsfonts/umsb.fd
File: umsb.fd 2013/01/14 v3.01 AMS symbols B
)) (/usr/local/texlive/2022/texmf-dist/tex/latex/base/fontenc.sty
Package: fontenc 2021/04/29 v2.0v Standard LaTeX package
) (/usr/local/texlive/2022/texmf-dist/tex/generic/babel/babel.sty
Package: babel 2022/02/26 3.73 The Babel package
\babel@savecnt=\count283
\U@D=\dimen162
\l@unhyphenated=\language87
 (/usr/local/texlive/2022/texmf-dist/tex/generic/babel/txtbabel.def)
\bbl@readstream=\read2
\bbl@dirlevel=\count284
 (/usr/local/texlive/2022/texmf-dist/tex/generic/babel-english/english.ldf
Language: english 2017/06/06 v3.3r English support from the babel system
Package babel Info: Hyphen rules for 'canadian' set to \l@english
(babel)             (\language0). Reported on input line 102.
Package babel Info: Hyphen rules for 'australian' set to \l@ukenglish
(babel)             (\language21). Reported on input line 105.
Package babel Info: Hyphen rules for 'newzealand' set to \l@ukenglish
(babel)             (\language21). Reported on input line 108.
) (/usr/local/texlive/2022/texmf-dist/tex/generic/babel-french/francais.ldf
Language: francais 2021/07/20 v3.5m French support from the babel system


Package francais.ldf Warning: Option `francais' for Babel is *deprecated*,
(francais.ldf)                it might be removed sooner or later. Please
(francais.ldf)                use `french' instead; reported on input line 31.

(/usr/local/texlive/2022/texmf-dist/tex/generic/babel-french/french.ldf
Language: french 2021/07/20 v3.5m French support from the babel system
Package babel Info: Hyphen rules for 'acadian' set to \l@french
(babel)             (\language29). Reported on input line 91.
Package babel Info: Hyphen rules for 'canadien' set to \l@french
(babel)             (\language29). Reported on input line 92.
\FB@nonchar=\count285
Package babel Info: Making : an active character on input line 430.
Package babel Info: Making ; an active character on input line 431.
Package babel Info: Making ! an active character on input line 432.
Package babel Info: Making ? an active character on input line 433.
\FBguill@level=\count286
\FBold@everypar=\toks29
\FB@Mht=\dimen163
\mc@charclass=\count287
\mc@charfam=\count288
\mc@charslot=\count289
\std@mcc=\count290
\dec@mcc=\count291
\listindentFB=\dimen164
\descindentFB=\dimen165
\labelindentFB=\dimen166
\labelwidthFB=\dimen167
\leftmarginFB=\dimen168
\parindentFFN=\dimen169
\FBfnindent=\dimen170
))) (/usr/local/texlive/2022/texmf-dist/tex/latex/carlisle/scalefnt.sty) (/usr/local/texlive/2022/texmf-dist/tex/latex/graphics/keyval.sty
Package: keyval 2014/10/28 v1.15 key=value parser (DPC)
\KV@toks@=\toks30
) (/usr/local/texlive/2022/texmf-dist/tex/latex/tools/enumerate.sty
Package: enumerate 2015/07/23 v3.00 enumerate extensions (DPC)
\@enLab=\toks31
) (/usr/local/texlive/2022/texmf-dist/tex/latex/amsfonts/amssymb.sty
Package: amssymb 2013/01/14 v3.01 AMS font symbols
) (/usr/local/texlive/2022/texmf-dist/tex/latex/url/url.sty
\Urlmuskip=\muskip17
Package: url 2013/09/16  ver 3.4  Verb mode for urls, etc.
) (/usr/local/texlive/2022/texmf-dist/tex/latex/tools/xspace.sty
Package: xspace 2014/10/28 v1.13 Space after command names (DPC,MH)
) (/usr/local/texlive/2022/texmf-dist/tex/latex/smflatex/smfthm.sty
Package: smfthm 1999/03/05 v1.0.h Environnements predefinis de theoremes
) (/usr/local/texlive/2022/texmf-dist/tex/latex/graphics/graphicx.sty
Package: graphicx 2021/09/16 v1.2d Enhanced LaTeX Graphics (DPC,SPQR)
 (/usr/local/texlive/2022/texmf-dist/tex/latex/graphics/graphics.sty
Package: graphics 2021/03/04 v1.4d Standard LaTeX Graphics (DPC,SPQR)
 (/usr/local/texlive/2022/texmf-dist/tex/latex/graphics/trig.sty
Package: trig 2021/08/11 v1.11 sin cos tan (DPC)
) (/usr/local/texlive/2022/texmf-dist/tex/latex/graphics-cfg/graphics.cfg
File: graphics.cfg 2016/06/04 v1.11 sample graphics configuration
)
Package graphics Info: Driver file: pdftex.def on input line 107.
 (/usr/local/texlive/2022/texmf-dist/tex/latex/graphics-def/pdftex.def
File: pdftex.def 2020/10/05 v1.2a Graphics/color driver for pdftex
))
\Gin@req@height=\dimen171
\Gin@req@width=\dimen172
) (/usr/local/texlive/2022/texmf-dist/tex/latex/caption/subcaption.sty
Package: subcaption 2022/01/07 v1.5 Sub-captions (AR)
 (/usr/local/texlive/2022/texmf-dist/tex/latex/caption/caption.sty
Package: caption 2022/03/01 v3.6b Customizing captions (AR)
 (/usr/local/texlive/2022/texmf-dist/tex/latex/caption/caption3.sty
Package: caption3 2022/03/17 v2.3b caption3 kernel (AR)
\caption@tempdima=\dimen173
\captionmargin=\dimen174
\caption@leftmargin=\dimen175
\caption@rightmargin=\dimen176
\caption@width=\dimen177
\caption@indent=\dimen178
\caption@parindent=\dimen179
\caption@hangindent=\dimen180
Package caption Info: AMS or SMF document class detected.
Package caption Info: french babel package is loaded.
 (/usr/local/texlive/2022/texmf-dist/tex/latex/caption/caption-ams-smf.sto
File: caption-ams-smf.sto 2020/08/22 v2.0 Adaption of the caption package to the AMS and SMF document classes (AR)
))
\c@caption@flags=\count292
\c@continuedfloat=\count293
)
\c@subfigure=\count294
\c@subtable=\count295
) (/usr/local/texlive/2022/texmf-dist/tex/latex/tools/indentfirst.sty
Package: indentfirst 1995/11/23 v1.03 Indent first paragraph (DPC)
) (/usr/local/texlive/2022/texmf-dist/tex/latex/mathtools/mathtools.sty
Package: mathtools 2022/02/07 v1.28a mathematical typesetting tools
 (/usr/local/texlive/2022/texmf-dist/tex/latex/tools/calc.sty
Package: calc 2017/05/25 v4.3 Infix arithmetic (KKT,FJ)
\calc@Acount=\count296
\calc@Bcount=\count297
\calc@Adimen=\dimen181
\calc@Bdimen=\dimen182
\calc@Askip=\skip59
\calc@Bskip=\skip60
LaTeX Info: Redefining \setlength on input line 80.
LaTeX Info: Redefining \addtolength on input line 81.
\calc@Ccount=\count298
\calc@Cskip=\skip61
) (/usr/local/texlive/2022/texmf-dist/tex/latex/mathtools/mhsetup.sty
Package: mhsetup 2021/03/18 v1.4 programming setup (MH)
)
\g_MT_multlinerow_int=\count299
\l_MT_multwidth_dim=\dimen183
\origjot=\skip62
\l_MT_shortvdotswithinadjustabove_dim=\dimen184
\l_MT_shortvdotswithinadjustbelow_dim=\dimen185
\l_MT_above_intertext_sep=\dimen186
\l_MT_below_intertext_sep=\dimen187
\l_MT_above_shortintertext_sep=\dimen188
\l_MT_below_shortintertext_sep=\dimen189
\xmathstrut@box=\box98
\xmathstrut@dim=\dimen190
)
\c@theorem=\count300
 (/usr/local/texlive/2022/texmf-dist/tex/latex/hyperref/hyperref.sty
Package: hyperref 2022-02-21 v7.00n Hypertext links for LaTeX
 (/usr/local/texlive/2022/texmf-dist/tex/generic/ltxcmds/ltxcmds.sty
Package: ltxcmds 2020-05-10 v1.25 LaTeX kernel commands for general use (HO)
) (/usr/local/texlive/2022/texmf-dist/tex/generic/iftex/iftex.sty
Package: iftex 2022/02/03 v1.0f TeX engine tests
) (/usr/local/texlive/2022/texmf-dist/tex/generic/pdftexcmds/pdftexcmds.sty
Package: pdftexcmds 2020-06-27 v0.33 Utility functions of pdfTeX for LuaTeX (HO)
 (/usr/local/texlive/2022/texmf-dist/tex/generic/infwarerr/infwarerr.sty
Package: infwarerr 2019/12/03 v1.5 Providing info/warning/error messages (HO)
)
Package pdftexcmds Info: \pdf@primitive is available.
Package pdftexcmds Info: \pdf@ifprimitive is available.
Package pdftexcmds Info: \pdfdraftmode found.
) (/usr/local/texlive/2022/texmf-dist/tex/generic/kvsetkeys/kvsetkeys.sty
Package: kvsetkeys 2019/12/15 v1.18 Key value parser (HO)
) (/usr/local/texlive/2022/texmf-dist/tex/generic/kvdefinekeys/kvdefinekeys.sty
Package: kvdefinekeys 2019-12-19 v1.6 Define keys (HO)
) (/usr/local/texlive/2022/texmf-dist/tex/generic/pdfescape/pdfescape.sty
Package: pdfescape 2019/12/09 v1.15 Implements pdfTeX's escape features (HO)
) (/usr/local/texlive/2022/texmf-dist/tex/latex/hycolor/hycolor.sty
Package: hycolor 2020-01-27 v1.10 Color options for hyperref/bookmark (HO)
) (/usr/local/texlive/2022/texmf-dist/tex/latex/letltxmacro/letltxmacro.sty
Package: letltxmacro 2019/12/03 v1.6 Let assignment for LaTeX macros (HO)
) (/usr/local/texlive/2022/texmf-dist/tex/latex/auxhook/auxhook.sty
Package: auxhook 2019-12-17 v1.6 Hooks for auxiliary files (HO)
) (/usr/local/texlive/2022/texmf-dist/tex/latex/kvoptions/kvoptions.sty
Package: kvoptions 2020-10-07 v3.14 Key value format for package options (HO)
)
\@linkdim=\dimen191
\Hy@linkcounter=\count301
\Hy@pagecounter=\count302
 (/usr/local/texlive/2022/texmf-dist/tex/latex/hyperref/pd1enc.def
File: pd1enc.def 2022-02-21 v7.00n Hyperref: PDFDocEncoding definition (HO)
Now handling font encoding PD1 ...
... no UTF-8 mapping file for font encoding PD1
) (/usr/local/texlive/2022/texmf-dist/tex/generic/intcalc/intcalc.sty
Package: intcalc 2019/12/15 v1.3 Expandable calculations with integers (HO)
) (/usr/local/texlive/2022/texmf-dist/tex/generic/etexcmds/etexcmds.sty
Package: etexcmds 2019/12/15 v1.7 Avoid name clashes with e-TeX commands (HO)
)
\Hy@SavedSpaceFactor=\count303
 (/usr/local/texlive/2022/texmf-dist/tex/latex/hyperref/puenc.def
File: puenc.def 2022-02-21 v7.00n Hyperref: PDF Unicode definition (HO)
Now handling font encoding PU ...
... no UTF-8 mapping file for font encoding PU
)
Package hyperref Info: Hyper figures OFF on input line 4137.
Package hyperref Info: Link nesting OFF on input line 4142.
Package hyperref Info: Hyper index ON on input line 4145.
Package hyperref Info: Plain pages OFF on input line 4152.
Package hyperref Info: Backreferencing OFF on input line 4157.
Package hyperref Info: Implicit mode ON; LaTeX internals redefined.
Package hyperref Info: Bookmarks ON on input line 4390.
\c@Hy@tempcnt=\count304
LaTeX Info: Redefining \url on input line 4749.
\XeTeXLinkMargin=\dimen192
 (/usr/local/texlive/2022/texmf-dist/tex/generic/bitset/bitset.sty
Package: bitset 2019/12/09 v1.3 Handle bit-vector datatype (HO)
 (/usr/local/texlive/2022/texmf-dist/tex/generic/bigintcalc/bigintcalc.sty
Package: bigintcalc 2019/12/15 v1.5 Expandable calculations on big integers (HO)
))
\Fld@menulength=\count305
\Field@Width=\dimen193
\Fld@charsize=\dimen194
Package hyperref Info: Hyper figures OFF on input line 6027.
Package hyperref Info: Link nesting OFF on input line 6032.
Package hyperref Info: Hyper index ON on input line 6035.
Package hyperref Info: backreferencing OFF on input line 6042.
Package hyperref Info: Link coloring OFF on input line 6047.
Package hyperref Info: Link coloring with OCG OFF on input line 6052.
Package hyperref Info: PDF/A mode OFF on input line 6057.
LaTeX Info: Redefining \ref on input line 6097.
LaTeX Info: Redefining \pageref on input line 6101.
 (/usr/local/texlive/2022/texmf-dist/tex/latex/base/atbegshi-ltx.sty
Package: atbegshi-ltx 2021/01/10 v1.0c Emulation of the original atbegshi
package with kernel methods
)
\Hy@abspage=\count306
\c@Item=\count307
\c@Hfootnote=\count308
)
Package hyperref Info: Driver (autodetected): hpdftex.
 (/usr/local/texlive/2022/texmf-dist/tex/latex/hyperref/hpdftex.def
File: hpdftex.def 2022-02-21 v7.00n Hyperref driver for pdfTeX
 (/usr/local/texlive/2022/texmf-dist/tex/latex/base/atveryend-ltx.sty
Package: atveryend-ltx 2020/08/19 v1.0a Emulation of the original atveryend package
with kernel methods
)
\Fld@listcount=\count309
\c@bookmark@seq@number=\count310
 (/usr/local/texlive/2022/texmf-dist/tex/latex/rerunfilecheck/rerunfilecheck.sty
Package: rerunfilecheck 2019/12/05 v1.9 Rerun checks for auxiliary files (HO)
 (/usr/local/texlive/2022/texmf-dist/tex/generic/uniquecounter/uniquecounter.sty
Package: uniquecounter 2019/12/15 v1.4 Provide unlimited unique counter (HO)
)
Package uniquecounter Info: New unique counter `rerunfilecheck' on input line 286.
)
\Hy@SectionHShift=\skip63
)
Package hyperref Info: Option `colorlinks' set `true' on input line 37.
 (/usr/local/texlive/2022/texmf-dist/tex/latex/l3backend/l3backend-pdftex.def
File: l3backend-pdftex.def 2022-02-07 L3 backend support: PDF output (pdfTeX)
\l__color_backend_stack_int=\count311
\l__pdf_internal_box=\box99
) (./note.aux)
\openout1 = `note.aux'.

LaTeX Font Info:    Checking defaults for OML/cmm/m/it on input line 54.
LaTeX Font Info:    ... okay on input line 54.
LaTeX Font Info:    Checking defaults for OMS/cmsy/m/n on input line 54.
LaTeX Font Info:    ... okay on input line 54.
LaTeX Font Info:    Checking defaults for OT1/cmr/m/n on input line 54.
LaTeX Font Info:    ... okay on input line 54.
LaTeX Font Info:    Checking defaults for T1/cmr/m/n on input line 54.
LaTeX Font Info:    ... okay on input line 54.
LaTeX Font Info:    Checking defaults for TS1/cmr/m/n on input line 54.
LaTeX Font Info:    ... okay on input line 54.
LaTeX Font Info:    Checking defaults for OMX/cmex/m/n on input line 54.
LaTeX Font Info:    ... okay on input line 54.
LaTeX Font Info:    Checking defaults for U/cmr/m/n on input line 54.
LaTeX Font Info:    ... okay on input line 54.
LaTeX Font Info:    Checking defaults for PD1/pdf/m/n on input line 54.
LaTeX Font Info:    ... okay on input line 54.
LaTeX Font Info:    Checking defaults for PU/pdf/m/n on input line 54.
LaTeX Font Info:    ... okay on input line 54.
 (/usr/local/texlive/2022/texmf-dist/tex/latex/smflatex/smfhyperref.sty
Package: smfhyperref 2021/04/18 v1.6 Adaptations pour faire cohabiter hyperref et les classes smf
)
LaTeX Info: Redefining \degres on input line 54.
Package french.ldf Info: Setting StandardEnumerateEnv=true for
(french.ldf)             compatibility with enumerate package,
(french.ldf)             reported on input line 54.
LaTeX Info: Redefining \up on input line 54.
\c@smfthm=\count312
 (/usr/local/texlive/2022/texmf-dist/tex/context/base/mkii/supp-pdf.mkii
[Loading MPS to PDF converter (version 2006.09.02).]
\scratchcounter=\count313
\scratchdimen=\dimen195
\scratchbox=\box100
\nofMPsegments=\count314
\nofMParguments=\count315
\everyMPshowfont=\toks32
\MPscratchCnt=\count316
\MPscratchDim=\dimen196
\MPnumerator=\count317
\makeMPintoPDFobject=\count318
\everyMPtoPDFconversion=\toks33
) (/usr/local/texlive/2022/texmf-dist/tex/latex/epstopdf-pkg/epstopdf-base.sty
Package: epstopdf-base 2020-01-24 v2.11 Base part for package epstopdf
Package epstopdf-base Info: Redefining graphics rule for `.eps' on input line 485.
 (/usr/local/texlive/2022/texmf-dist/tex/latex/latexconfig/epstopdf-sys.cfg
File: epstopdf-sys.cfg 2010/07/13 v1.3 Configuration of (r)epstopdf for TeX Live
))
Package caption Info: Begin \AtBeginDocument code.
Package caption Info: hyperref package is loaded.
Package caption Info: End \AtBeginDocument code.
 (/usr/local/texlive/2022/texmf-dist/tex/latex/graphics/color.sty
Package: color 2021/12/07 v1.3c Standard LaTeX Color (DPC)
 (/usr/local/texlive/2022/texmf-dist/tex/latex/graphics-cfg/color.cfg
File: color.cfg 2016/01/02 v1.6 sample color configuration
)
Package color Info: Driver file: pdftex.def on input line 149.
)
Package hyperref Info: Link coloring ON on input line 54.
 (/usr/local/texlive/2022/texmf-dist/tex/latex/hyperref/nameref.sty
Package: nameref 2021-04-02 v2.47 Cross-referencing by name of section
 (/usr/local/texlive/2022/texmf-dist/tex/latex/refcount/refcount.sty
Package: refcount 2019/12/15 v3.6 Data extraction from label references (HO)
) (/usr/local/texlive/2022/texmf-dist/tex/generic/gettitlestring/gettitlestring.sty
Package: gettitlestring 2019/12/15 v1.6 Cleanup title references (HO)
)
\c@section@level=\count319
)
LaTeX Info: Redefining \ref on input line 54.
LaTeX Info: Redefining \pageref on input line 54.
LaTeX Info: Redefining \nameref on input line 54.
\@outlinefile=\write3
\openout3 = `note.out'.

<Brownian map.png, id=4, 4284.005pt x 3384.645pt>
File: Brownian map.png Graphic file (type png)
<use Brownian map.png>
Package pdftex.def Info: Brownian map.png  used on input line 67.
(pdftex.def)             Requested size: 128.5146pt x 101.53496pt.
\tf@toc=\write4
\openout4 = `note.toc'.


Underfull \hbox (badness 10000) in paragraph at lines 73--74

 []

[1

{/usr/local/texlive/2022/texmf-var/fonts/map/pdftex/updmap/pdftex.map} <./Brownian map.png>]
Underfull \hbox (badness 10000) in paragraph at lines 99--100

 []


Underfull \hbox (badness 10000) in paragraph at lines 102--103

 []

[2]
Underfull \hbox (badness 10000) in paragraph at lines 126--127

 []


Overfull \hbox (5.73132pt too wide) in paragraph at lines 133--133
\T1/cmr/m/it/10.95 We say a pre-measure $\OML/cmm/m/it/10.95 ^^Y$ \T1/cmr/m/it/10.95 is $\OML/cmm/m/it/10.95 ^^[$\T1/cmr/m/it/10.95 -finite if there ex-ists a par-ti-tion $\OML/cmm/m/it/10.95 A[]; A[]; []  ; A[]; [] \OMS/cmsy/m/n/10.95 2
 []

[3]
Underfull \hbox (badness 10000) in paragraph at lines 144--145

 []


Underfull \hbox (badness 10000) in paragraph at lines 154--156

 []

[4]
Underfull \hbox (badness 10000) in paragraph at lines 161--162

 []


Underfull \hbox (badness 10000) in paragraph at lines 171--172

 []

[5]

LaTeX Warning: Reference `pilambda' on page 6 undefined on input line 191.


Overfull \hbox (62.74298pt too wide) detected at line 209
[]
 []

[6]
Underfull \hbox (badness 10000) in paragraph at lines 214--215

 []


Underfull \hbox (badness 1205) in paragraph at lines 224--225
[][]\T1/cmr/bx/it/10.95 Remark 1.1.14\T1/cmr/bx/n/10.95 . [] []\T1/cmr/m/it/10.95 The Caratheodory's ex-ten-sion the-o-rem im-me-di-ately
 []


Underfull \hbox (badness 10000) in paragraph at lines 224--225

 []

[7]
Underfull \hbox (badness 10000) in paragraph at lines 246--247

 []


pdfTeX warning (ext4): destination with the same identifier (name{theorem.1.1}) has been already used, duplicate ignored
<to be read again> 
                   \relax 
l.249     I
           f $\nu $ is a $\sigma$-finite measures on $\sigma$-finite measure...
Underfull \hbox (badness 10000) in paragraph at lines 253--254

 []


pdfTeX warning (ext4): destination with the same identifier (name{theorem.1.2}) has been already used, duplicate ignored
<to be read again> 
                   \relax 
l.255         L
               et $f :\mc{H} \rightarrow  \mc{C}$ be a linear functional on ... [8]
Overfull \hbox (49.39146pt too wide) detected at line 275
[]
 []


Underfull \hbox (badness 10000) in paragraph at lines 282--283

 []


pdfTeX warning (ext4): destination with the same identifier (name{theorem.1.3}) has been already used, duplicate ignored
<to be read again> 
                   \relax 
l.284     S
           uppose $\{f_n\}_{n\in \mb{N}}$ is an increasing sequence of measu...
Underfull \hbox (badness 10000) in paragraph at lines 291--292

 []


Underfull \hbox (badness 10000) in paragraph at lines 293--295

 []

[9]
pdfTeX warning (ext4): destination with the same identifier (name{theorem.1.4}) has been already used, duplicate ignored
<to be read again> 
                   \relax 
l.296     G
           iven are a probability space $(\Omega,\mathcal{F},P)$, a $\sigma-...
Underfull \hbox (badness 10000) in paragraph at lines 303--306

 []


Underfull \hbox (badness 10000) in paragraph at lines 312--317

 []


Underfull \hbox (badness 10000) in paragraph at lines 319--323

 []


Underfull \hbox (badness 10000) in paragraph at lines 332--336

 []

[10]
pdfTeX warning (ext4): destination with the same identifier (name{theorem.1.5}) has been already used, duplicate ignored
<to be read again> 
                   \relax 
l.337     F
           or any real random variable $X\in L^2(\Omega,\mathcal{F},P)$, def...
Underfull \hbox (badness 10000) in paragraph at lines 341--343

 []


pdfTeX warning (ext4): destination with the same identifier (name{theorem.1.1}) has been already used, duplicate ignored
<to be read again> 
                   \relax 
l.345     F
           or each $n\in \mb{N}$, let $\mu_n$ be a probability measure on $(...
Underfull \hbox (badness 10000) in paragraph at lines 352--353

 []


pdfTeX warning (ext4): destination with the same identifier (name{theorem.1.2}) has been already used, duplicate ignored
<to be read again> 
                   \relax 
l.355     C
           onsider a complete metric space $(X,d)$, and a decreasing sequenc...
pdfTeX warning (ext4): destination with the same identifier (name{theorem.1.3}) has been already used, duplicate ignored
<to be read again> 
                   \relax 
l.364     S
           uppose that we have a collection of non-empty compact set $\{C_n ... [11]
Overfull \hbox (56.93088pt too wide) in paragraph at lines 373--374
\OMS/cmsy/m/n/10.95 I ! \U/msb/m/n/10.95 R\OMS/cmsy/m/n/10.95 g$ \T1/cmr/m/n/10.95 and cylin-der $[]$.
 []


Overfull \hbox (62.883pt too wide) detected at line 383
\OML/cmm/m/it/10.95 ^^V\OT1/cmr/m/n/10.95 (\OML/cmm/m/it/10.95 V\OT1/cmr/m/n/10.95 ) \OMS/cmsy/m/n/10.95 ^^@ \OML/cmm/m/it/10.95 " \OMS/cmsy/m/n/10.95 ^^T \OML/cmm/m/it/10.95 ^^V\OT1/cmr/m/n/10.95 (\OMS/cmsy/m/n/10.95 C[]\OT1/cmr/m/n/10.95 ([])) \OMS/cmsy/m/n/10.95 ^^T [] \OML/cmm/m/it/10.95 ^^V\OT1/cmr/m/n/10.95 (\OMS/cmsy/m/n/10.95 C[]\OT1/cmr/m/n/10.95 ([])) \OMS/cmsy/m/n/10.95 ^^T [] \OML/cmm/m/it/10.95 ^^V\OT1/cmr/m/n/10.95 (\OMS/cmsy/m/n/10.95 C[]\OT1/cmr/m/n/10.95 ([])) \OMS/cmsy/m/n/10.95 ^^T [] [] \OML/cmm/m/it/10.95 ;
 []


Underfull \hbox (badness 10000) in paragraph at lines 387--389

 []

[12]
pdfTeX warning (ext4): destination with the same identifier (name{theorem.1.1}) has been already used, duplicate ignored
<to be read again> 
                   \relax 
l.390     T
           he filtration is defined as a sequence of increasing $\sigma-$sub...
Underfull \hbox (badness 10000) in paragraph at lines 394--395

 []


pdfTeX warning (ext4): destination with the same identifier (name{theorem.1.2}) has been already used, duplicate ignored
<to be read again> 
                   \relax 
l.396     I
           f $(X_n)_{n \ge 0}$ is a sequence of random variables satisfy:
Underfull \hbox (badness 10000) in paragraph at lines 404--406

 []


pdfTeX warning (ext4): destination with the same identifier (name{theorem.1.3}) has been already used, duplicate ignored
<to be read again> 
                   \relax 
l.407     A
            nonnegative random variable $T:\Omega \rightarrow {0,1,\cdots,\i...
Underfull \hbox (badness 10000) in paragraph at lines 411--412

 []


pdfTeX warning (ext4): destination with the same identifier (name{theorem.1.4}) has been already used, duplicate ignored
<to be read again> 
                   \relax 
l.413 I
       f $(X_n)_{n\ge 0}$ is a martingale adapted to the filtration $(\mathc... [13]
Underfull \hbox (badness 10000) in paragraph at lines 426--428

 []


Underfull \hbox (badness 10000) in paragraph at lines 438--440

 []


Underfull \hbox (badness 10000) in paragraph at lines 443--444

 []

[14]
Underfull \hbox (badness 10000) in paragraph at lines 455--457

 []


Underfull \hbox (badness 10000) in paragraph at lines 467--468

 []


LaTeX Warning: Citation `113' on page 15 undefined on input line 471.


LaTeX Warning: Reference `Kolmogorov_extension' on page 15 undefined on input line 478.

[15]
Underfull \hbox (badness 10000) in paragraph at lines 480--481

 []


Underfull \hbox (badness 10000) in paragraph at lines 487--488

 []

[16]
Underfull \hbox (badness 10000) in paragraph at lines 531--533

 []

[17]
Underfull \hbox (badness 10000) in paragraph at lines 542--543

 []


Underfull \hbox (badness 10000) in paragraph at lines 547--548

 []


pdfTeX warning (ext4): destination with the same identifier (name{theorem.3.1}) has been already used, duplicate ignored
<to be read again> 
                   \relax 
l.549     F
           or any $T>0$,
Overfull \hbox (41.6765pt too wide) detected at line 563
[]
 []


Underfull \hbox (badness 2302) in paragraph at lines 566--567
[]\T1/cmr/m/n/10.95 Next, re-call the levy's con-struc-tion of Brow-n-ian Mo-tion, $\OML/cmm/m/it/10.95 B\OT1/cmr/m/n/10.95 (\OML/cmm/m/it/10.95 t\OT1/cmr/m/n/10.95 ) =
 []

[18]
pdfTeX warning (ext4): destination with the same identifier (name{theorem.3.2}) has been already used, duplicate ignored
<to be read again> 
                   \relax 
l.575  B
        rownian Motion $B(t)_{t\in [0,+\infty]}$ is nowhere differentiable $...
Underfull \hbox (badness 10000) in paragraph at lines 575--576
[][]\T1/cmr/bx/it/10.95 Theorem 3.2.2 \T1/cmr/bx/n/10.95 (Pa-ley-Wiener-Zyg-mund). [] []\T1/cmr/m/it/10.95 Brow-n-ian Mo-tion
 []


Underfull \hbox (badness 10000) in paragraph at lines 586--587

 []


pdfTeX warning (ext4): destination with the same identifier (name{theorem.3.1}) has been already used, duplicate ignored
<to be read again> 
                   \relax 
l.589     F
           or any $t_0 > $, the process $\{B(t+t_0) - B(t_0)\}_{t\in [0,+\in...
Underfull \hbox (badness 10000) in paragraph at lines 599--600

 []


pdfTeX warning (ext4): destination with the same identifier (name{theorem.3.2}) has been already used, duplicate ignored
<to be read again> 
                   \relax 
l.601     F
           or some fixed $t_0\in [0,+\infty)$, $(\bar{B}(t))_{t\in [0,+\inft...
Underfull \hbox (badness 10000) in paragraph at lines 611--612

 []

[19]

LaTeX Warning: Citation `Orey&Taylor' on page 20 undefined on input line 613.


Underfull \hbox (badness 10000) in paragraph at lines 622--623

 []


pdfTeX warning (ext4): destination with the same identifier (name{theorem.3.1}) has been already used, duplicate ignored
<to be read again> 
                   \relax 
l.624     A
            random variable $X$ is called infinitely divisible if, for any $...
Underfull \hbox (badness 10000) in paragraph at lines 630--631

 []


pdfTeX warning (ext4): destination with the same identifier (name{theorem.3.2}) has been already used, duplicate ignored
<to be read again> 
                   \relax 
l.632     S
           uppose that the random process $(X_t)_{t\geq 0}$ has the probabil... [20] [21]
Underfull \hbox (badness 10000) in paragraph at lines 642--645

 []


Underfull \hbox (badness 10000) in paragraph at lines 642--645

 []


Underfull \vbox (badness 5862) has occurred while \output is active []

 [22]
Underfull \hbox (badness 10000) in paragraph at lines 659--661

 []


Overfull \hbox (23.57524pt too wide) detected at line 666
[]
 []

[23]
Underfull \hbox (badness 10000) in paragraph at lines 695--697

 []


Underfull \hbox (badness 10000) in paragraph at lines 710--711

 []

[24]
pdfTeX warning (ext4): destination with the same identifier (name{theorem.5.1}) has been already used, duplicate ignored
<to be read again> 
                   \relax 
l.713     R
           ecall that a random variable is called sub-Gaussian if there is a...
Underfull \hbox (badness 4556) in paragraph at lines 713--713
[][]\T1/cmr/bx/it/10.95 Definition 5.1.1 \T1/cmr/bx/n/10.95 (sub---Gaus-sian Pro-cess). [] []\T1/cmr/m/it/10.95 Re-call that a ran-
 []


LaTeX Warning: Citation `UCB-Dudley' on page 25 undefined on input line 716.


Overfull \hbox (38.60065pt too wide) detected at line 719
\U/msb/m/n/10.95 E [] \OMS/cmsy/m/n/10.95 ^^T \OT1/cmr/m/n/10.95 2\U/msb/m/n/10.95 E [] \OT1/cmr/m/n/10.95 + 16 [][] []\OML/cmm/m/it/10.95 d"
 []


LaTeX Warning: Citation `Talagrand-hausdorfffbM' on page 25 undefined on input line 735.


Underfull \vbox (badness 4353) has occurred while \output is active []

 [25] [26]
Underfull \hbox (badness 10000) in paragraph at lines 763--764

 []


Underfull \hbox (badness 10000) in paragraph at lines 771--772

 []

[27]
Underfull \hbox (badness 10000) in paragraph at lines 778--780

 []


Underfull \hbox (badness 10000) in paragraph at lines 789--790

 []


Underfull \hbox (badness 10000) in paragraph at lines 795--796

 []


/Users/elwenliu/Desktop/Research/Martingale Note (2022 Winter)/Martingale and Markov chain/note.tex:800: LaTeX Error: There's no line here to end.

See the LaTeX manual or LaTeX Companion for explanation.
Type  H <return>  for immediate help.
 ...                                              
                                                  
l.800 
      
Your command was ignored.
Type  I <command> <return>  to replace it with another command,
or  <return>  to continue without it.

[28] [29]
<browniansheet.png, id=247, 1233.85968pt x 868.74562pt>
File: browniansheet.png Graphic file (type png)
<use browniansheet.png>
Package pdftex.def Info: browniansheet.png  used on input line 846.
(pdftex.def)             Requested size: 308.46416pt x 217.18587pt.
 [30]
Underfull \hbox (badness 10000) in paragraph at lines 864--865

 []


Overfull \hbox (10.03299pt too wide) in paragraph at lines 867--868
\T1/cmr/m/n/10.95 The mea-sur-able func-tion $\OML/cmm/m/it/10.95 f \OT1/cmr/m/n/10.95 : 
 \OMS/cmsy/m/n/10.95 ! \OT1/cmr/bx/n/10.95 R[]\OT1/cmr/m/n/10.95 ([] \OMS/cmsy/m/n/10.95 C\OT1/cmr/m/n/10.95 (\OML/cmm/m/it/10.95 T; \OT1/cmr/bx/n/10.95 R\OT1/cmr/m/n/10.95 )\OML/cmm/m/it/10.95 ;  []\OT1/cmr/m/n/10.95 )$
 []

[31 <./browniansheet.png>]
Underfull \hbox (badness 10000) in paragraph at lines 881--882

 []


Underfull \hbox (badness 10000) in paragraph at lines 889--890

 []


LaTeX Warning: Citation `Rogers' on page 32 undefined on input line 893.

[32] [33]
Underfull \hbox (badness 10000) in paragraph at lines 906--907

 []

[34] [35]
<percolation_p0.3.png, id=296, 578.16pt x 578.16pt>
File: percolation_p0.3.png Graphic file (type png)
<use percolation_p0.3.png>
Package pdftex.def Info: percolation_p0.3.png  used on input line 940.
(pdftex.def)             Requested size: 114.6637pt x 114.65953pt.
<percolation_p0.5.png, id=298, 578.16pt x 578.16pt>
File: percolation_p0.5.png Graphic file (type png)
<use percolation_p0.5.png>
Package pdftex.def Info: percolation_p0.5.png  used on input line 947.
(pdftex.def)             Requested size: 114.6637pt x 114.65953pt.
<percolation_p0.8.png, id=299, 578.16pt x 578.16pt>
File: percolation_p0.8.png Graphic file (type png)
<use percolation_p0.8.png>
Package pdftex.def Info: percolation_p0.8.png  used on input line 954.
(pdftex.def)             Requested size: 114.6637pt x 114.65953pt.
<cluster_p0.3.png, id=300, 578.16pt x 578.16pt>
File: cluster_p0.3.png Graphic file (type png)
<use cluster_p0.3.png>
Package pdftex.def Info: cluster_p0.3.png  used on input line 964.
(pdftex.def)             Requested size: 107.26439pt x 107.25787pt.
<cluster_p0.5.png, id=301, 578.16pt x 578.16pt>
File: cluster_p0.5.png Graphic file (type png)
<use cluster_p0.5.png>
Package pdftex.def Info: cluster_p0.5.png  used on input line 970.
(pdftex.def)             Requested size: 110.96687pt x 110.9631pt.
<cluster_p0.8.png, id=302, 578.16pt x 578.16pt>
File: cluster_p0.8.png Graphic file (type png)
<use cluster_p0.8.png>
Package pdftex.def Info: cluster_p0.8.png  used on input line 976.
(pdftex.def)             Requested size: 110.96687pt x 110.9631pt.
 [36 <./percolation_p0.3.png> <./percolation_p0.5.png> <./percolation_p0.8.png> <./cluster_p0.3.png> <./cluster_p0.5.png> <./cluster_p0.8.png>]

LaTeX Warning: Citation `Intro KPZ' on page 37 undefined on input line 993.

[37] [38]
Underfull \hbox (badness 10000) in paragraph at lines 1035--1036

 []

[39]
Underfull \hbox (badness 10000) in paragraph at lines 1046--1048

 []


Overfull \hbox (25.2709pt too wide) in paragraph at lines 1074--1076
\T1/cmr/m/n/10.95 Let $\OML/cmm/m/it/10.95 p[] \OT1/cmr/m/n/10.95 = \U/msb/m/n/10.95 P []$\T1/cmr/m/n/10.95 , then the to-tal vari-a-tion dis-tance $\OML/cmm/m/it/10.95 d[] []$
 []


Underfull \hbox (badness 10000) in paragraph at lines 1083--1084

 []

[40]
Underfull \hbox (badness 10000) in paragraph at lines 1096--1097

 []


Underfull \hbox (badness 10000) in paragraph at lines 1105--1106

 []

[41]
Overfull \hbox (25.90459pt too wide) detected at line 1128
[]
 []

[42]
File: Brownian map.png Graphic file (type png)
<use Brownian map.png>
Package pdftex.def Info: Brownian map.png  used on input line 1143.
(pdftex.def)             Requested size: 214.2128pt x 169.24216pt.
\tf@toc=\write5
\openout5 = `note.toc'.

 [43] (./note.aux)

LaTeX Warning: There were undefined references.


LaTeX Warning: Label(s) may have changed. Rerun to get cross-references right.


Package rerunfilecheck Warning: File `note.out' has changed.
(rerunfilecheck)                Rerun to get outlines right
(rerunfilecheck)                or use package `bookmark'.

Package rerunfilecheck Info: Checksums for `note.out':
(rerunfilecheck)             Before: <no file>
(rerunfilecheck)             After:  6EB8018FDB6DE291B8D5C24FC54FA415;2728.
 ) 
Here is how much of TeX's memory you used:
 14195 strings out of 478268
 228609 string characters out of 5846348
 534825 words of memory out of 5000000
 32007 multiletter control sequences out of 15000+600000
 492205 words of font info for 84 fonts, out of 8000000 for 9000
 1141 hyphenation exceptions out of 8191
 67i,15n,77p,1609b,698s stack positions out of 10000i,1000n,20000p,200000b,200000s
{/usr/local/texlive/2022/texmf-dist/fonts/enc/dvips/cm-super/cm-super-t1.enc}</usr/local/texlive/2022/texmf-dist/fonts/type1/public/amsfonts/cm/cmbx10.pfb></usr/local/texlive/2022/texmf-dist/fonts/type1/public/amsfonts/cm/cmbx6.pfb></usr/local/texlive/2022/texmf-dist/fonts/type1/public/amsfonts/cm/cmbx8.pfb></usr/local/texlive/2022/texmf-dist/fonts/type1/public/amsfonts/cm/cmex10.pfb></usr/local/texlive/2022/texmf-dist/fonts/type1/public/amsfonts/cmextra/cmex8.pfb></usr/local/texlive/2022/texmf-dist/fonts/type1/public/amsfonts/cm/cmmi10.pfb></usr/local/texlive/2022/texmf-dist/fonts/type1/public/amsfonts/cm/cmmi6.pfb></usr/local/texlive/2022/texmf-dist/fonts/type1/public/amsfonts/cm/cmmi8.pfb></usr/local/texlive/2022/texmf-dist/fonts/type1/public/amsfonts/cm/cmr10.pfb></usr/local/texlive/2022/texmf-dist/fonts/type1/public/amsfonts/cm/cmr6.pfb></usr/local/texlive/2022/texmf-dist/fonts/type1/public/amsfonts/cm/cmr8.pfb></usr/local/texlive/2022/texmf-dist/fonts/type1/public/amsfonts/cm/cmsy10.pfb></usr/local/texlive/2022/texmf-dist/fonts/type1/public/amsfonts/cm/cmsy6.pfb></usr/local/texlive/2022/texmf-dist/fonts/type1/public/amsfonts/cm/cmsy8.pfb></usr/local/texlive/2022/texmf-dist/fonts/type1/public/amsfonts/symbols/msam10.pfb></usr/local/texlive/2022/texmf-dist/fonts/type1/public/amsfonts/symbols/msbm10.pfb></usr/local/texlive/2022/texmf-dist/fonts/type1/public/cm-super/sfbi0900.pfb></usr/local/texlive/2022/texmf-dist/fonts/type1/public/cm-super/sfbi1095.pfb></usr/local/texlive/2022/texmf-dist/fonts/type1/public/cm-super/sfbx0800.pfb></usr/local/texlive/2022/texmf-dist/fonts/type1/public/cm-super/sfbx0900.pfb></usr/local/texlive/2022/texmf-dist/fonts/type1/public/cm-super/sfbx1095.pfb></usr/local/texlive/2022/texmf-dist/fonts/type1/public/cm-super/sfbx1200.pfb></usr/local/texlive/2022/texmf-dist/fonts/type1/public/cm-super/sfcc1000.pfb></usr/local/texlive/2022/texmf-dist/fonts/type1/public/cm-super/sfrm0800.pfb></usr/local/texlive/2022/texmf-dist/fonts/type1/public/cm-super/sfrm0900.pfb></usr/local/texlive/2022/texmf-dist/fonts/type1/public/cm-super/sfrm1000.pfb></usr/local/texlive/2022/texmf-dist/fonts/type1/public/cm-super/sfrm1095.pfb></usr/local/texlive/2022/texmf-dist/fonts/type1/public/cm-super/sfti1095.pfb></usr/local/texlive/2022/texmf-dist/fonts/type1/public/cm-super/sfti1200.pfb>
Output written on note.pdf (43 pages, 9967986 bytes).
PDF statistics:
 542 PDF objects out of 1000 (max. 8388607)
 420 compressed objects within 5 object streams
 191 named destinations out of 1000 (max. 500000)
 41 words of extra memory for PDF output out of 10000 (max. 10000000)

